El usuario admin actualizo el producto con id: 7 
El usuario admin actualizo el producto con id: 7 
El usuario admin agrego el producto Paquete de Hojas Blancas 50pz 
El usuario admin inicio session 
El usuario admin inicio session 
El usuario admin inicio session 
El usuario admin inicio session 
El usuario admin inicio session 
El usuario admin inicio session 
El usuario admin inicio session 
El usuario admin inicio session 
El usuario admin agrego el producto profe 
El usuario admin inicio session 
El usuario admin agrego el producto audifonos 
El usuario admin inicio session 
El usuario admin actualizo el producto con id: 8 
El usuario admin elimino el producto con id: 3 
El usuario admin agrego el producto fanta 
El usuario admin actualizo el producto con id: 9 
El usuario admin actualizo el producto con id: 9 
El usuario admin inicio session 
El usuario admin inicio session 
El usuario admin agrego el producto Ruffles 
El usuario admin inicio session 
El usuario admin inicio session 
El usuario admin agrego el producto examen 
El usuario admin actualizo el producto con id: 11 
El usuario admin elimino el producto con id: 11 
El usuario admin actualizo el producto con id: 10 
El usuario admin elimino el producto con id: 10 
El usuario admin inicio session 
El usuario admin agrego el producto prueba 
El usuario admin inicio session 
El usuario admin agrego el producto examen 
El usuario admin actualizo el producto con id: 8 
El usuario admin elimino el producto con id: 3 
